// Jest Snapshot v1, https://goo.gl/fbAQLP

exports[`InputBox should match snapshot 1`] = `ShallowWrapper {}`;
